
> frontend@0.1.0 build
> next build

npm : 
At line:1 char:1
+ npm run build > 
build_output.txt 2>&1
+ ~~~~~~~~~~~~~~~~~~~~~~~~~~~
~~~~~~~~~~
    + CategoryInfo           
   : NotSpecified: (:String  
  ) [], RemoteException
    + FullyQualifiedErrorId  
   : NativeCommandError
 
ΓÜá∩╕Å  [next.config] 
BACKEND_URL is not set!
   Set BACKEND_URL=https://yo
ur-backend.railway.app in 
Railway environment 
variables.
   Without it, /api/* 
requests will fail in 
production.

Γû▓ Next.js 16.1.6 (Turbopack)
- Environments: .env.local


ΓÜá∩╕Å  [next.config] 
BACKEND_URL is not set!
   Set BACKEND_URL=https://yo
ur-backend.railway.app in 
Railway environment 
variables.
   Without it, /api/* 
requests will fail in 
production.

  Creating an optimized production build ...

> Build error occurred
Error: Turbopack build 
failed with 1 errors:
./src/components/agency/Agenc
ySidebar.tsx:549:5
Parsing ecmascript source 
code failed
[0m [90m 547 |[39m
 [90m 548 |[39m
[31m[1m>[22m[39m[90m 
549 |[39m     }
 [90m     |[39m     
[31m[1m^[22m[39m
 [90m 550 |[39m
 [90m 551 |[39m
 [90m 552 |[39m[0m

Expected ',', got '}'

Import traces:
  Client Component Browser:
    ./src/components/agency/A
gencySidebar.tsx [Client 
Component Browser]
    ./src/app/[agencySlug]/la
yout.tsx [Client Component 
Browser]
    ./src/app/[agencySlug]/la
yout.tsx [Server Component]

  Client Component SSR:
    ./src/components/agency/A
gencySidebar.tsx [Client 
Component SSR]
    ./src/app/[agencySlug]/la
yout.tsx [Client Component 
SSR]
    ./src/app/[agencySlug]/la
yout.tsx [Server Component]


    at <unknown> (./src/compo
nents/agency/AgencySidebar.ts
x:549:5)
